[0m20:28:37.134680 [debug] [MainThread]: Sending event: {'category': 'dbt', 'action': 'invocation', 'label': 'start', 'context': [<snowplow_tracker.self_describing_json.SelfDescribingJson object at 0x0000027A67821160>, <snowplow_tracker.self_describing_json.SelfDescribingJson object at 0x0000027A69F43ED0>, <snowplow_tracker.self_describing_json.SelfDescribingJson object at 0x0000027A69F43750>]}


============================== 20:28:37.146491 | 9070ce93-366d-4d2a-a0b7-83bbb36f1fdd ==============================
[0m20:28:37.146491 [info ] [MainThread]: Running with dbt=1.12.0
[0m20:28:37.148682 [debug] [MainThread]: running dbt with arguments {'maximum_seed_size_mib': '1', 'no_print': 'None', 'version_check': 'True', 'warn_error_options': 'WarnErrorOptionsV2(error=[], warn=[], silence=[])', 'target_path': 'None', 'static_parser': 'True', 'printer_width': '80', 'write_json': 'True', 'introspect': 'True', 'log_cache_events': 'False', 'empty': 'None', 'cache_selected_only': 'False', 'fail_fast': 'False', 'debug': 'False', 'log_format': 'default', 'partial_parse': 'True', 'send_anonymous_usage_stats': 'True', 'quiet': 'False', 'warn_error': 'None', 'profiles_dir': 'C:\\Users\\USER\\.dbt', 'indirect_selection': 'eager', 'hints_enabled': 'True', 'use_colors': 'True', 'use_experimental_parser': 'False', 'invocation_command': 'dbt init', 'log_path': 'logs'}
[0m20:29:39.164446 [debug] [MainThread]: Starter project path: D:\practice-dbt-2\practice_dbt_2_venv\Lib\site-packages\dbt\include\starter_project
[0m20:29:39.249968 [info ] [MainThread]: Setting up your profile.
[0m20:29:51.545437 [debug] [MainThread]: Snowflake adapter: Setting snowflake.connector to ERROR (file logging only)
[0m20:29:51.547654 [debug] [MainThread]: Snowflake adapter: Setting botocore to ERROR (file logging only)
[0m20:29:51.548467 [debug] [MainThread]: Snowflake adapter: Setting boto3 to ERROR (file logging only)
[0m20:33:45.495067 [info ] [MainThread]: Profile practice_dbt_2 written to C:\Users\USER\.dbt\profiles.yml using target's profile_template.yml and your supplied values.
[0m20:33:45.508240 [info ] [MainThread]: Running dbt debug to validate the project...
[0m20:33:45.513915 [info ] [MainThread]: dbt version: 1.12.0
[0m20:33:45.521351 [info ] [MainThread]: python version: 3.13.5
[0m20:33:45.523474 [info ] [MainThread]: python path: D:\practice-dbt-2\practice_dbt_2_venv\Scripts\python.exe
[0m20:33:45.528061 [info ] [MainThread]: os info: Windows-10-10.0.19045-SP0
[0m20:33:46.264920 [info ] [MainThread]: Using profiles dir at C:\Users\USER\.dbt
[0m20:33:46.266554 [info ] [MainThread]: Using profiles.yml file at C:\Users\USER\.dbt\profiles.yml
[0m20:33:46.267807 [info ] [MainThread]: Using dbt_project.yml file at D:\practice-dbt-2\practice_dbt_2\dbt_project.yml
[0m20:33:46.271216 [info ] [MainThread]: adapter type: snowflake
[0m20:33:46.272601 [info ] [MainThread]: adapter version: 1.12.0
[0m20:33:46.762224 [info ] [MainThread]: Configuration:
[0m20:33:46.763482 [info ] [MainThread]:   profiles.yml file [[32mOK found and valid[0m]
[0m20:33:46.764711 [info ] [MainThread]:   dbt_project.yml file [[32mOK found and valid[0m]
[0m20:33:46.765950 [info ] [MainThread]: Required dependencies:
[0m20:33:46.767068 [debug] [MainThread]: Executing "git --help"
[0m20:33:46.943382 [debug] [MainThread]: STDOUT: "b"usage: git [-v | --version] [-h | --help] [-C <path>] [-c <name>=<value>]\n           [--exec-path[=<path>]] [--html-path] [--man-path] [--info-path]\n           [-p | --paginate | -P | --no-pager] [--no-replace-objects] [--no-lazy-fetch]\n           [--no-optional-locks] [--no-advice] [--bare] [--git-dir=<path>]\n           [--work-tree=<path>] [--namespace=<name>] [--config-env=<name>=<envvar>]\n           <command> [<args>]\n\nThese are common Git commands used in various situations:\n\nstart a working area (see also: git help tutorial)\n   clone      Clone a repository into a new directory\n   init       Create an empty Git repository or reinitialize an existing one\n\nwork on the current change (see also: git help everyday)\n   add        Add file contents to the index\n   mv         Move or rename a file, a directory, or a symlink\n   restore    Restore working tree files\n   rm         Remove files from the working tree and from the index\n\nexamine the history and state (see also: git help revisions)\n   bisect     Use binary search to find the commit that introduced a bug\n   diff       Show changes between commits, commit and working tree, etc\n   grep       Print lines matching a pattern\n   log        Show commit logs\n   show       Show various types of objects\n   status     Show the working tree status\n\ngrow, mark and tweak your common history\n   backfill   Download missing objects in a partial clone\n   branch     List, create, or delete branches\n   commit     Record changes to the repository\n   merge      Join two or more development histories together\n   rebase     Reapply commits on top of another base tip\n   reset      Reset current HEAD to the specified state\n   switch     Switch branches\n   tag        Create, list, delete or verify a tag object signed with GPG\n\ncollaborate (see also: git help workflows)\n   fetch      Download objects and refs from another repository\n   pull       Fetch from and integrate with another repository or a local branch\n   push       Update remote refs along with associated objects\n\n'git help -a' and 'git help -g' list available subcommands and some\nconcept guides. See 'git help <command>' or 'git help <concept>'\nto read about a specific subcommand or concept.\nSee 'git help git' for an overview of the system.\n""
[0m20:33:46.945422 [debug] [MainThread]: STDERR: "b''"
[0m20:33:46.946468 [info ] [MainThread]:  - git [[32mOK found[0m]

[0m20:33:46.947649 [info ] [MainThread]: Connection:
[0m20:33:46.948889 [info ] [MainThread]:   account: https://ZJDZYPT-YYC23807.snowflakecomputing.com
[0m20:33:46.949904 [info ] [MainThread]:   user: NSKIRAN
[0m20:33:46.950925 [info ] [MainThread]:   database: dbt_demo
[0m20:33:46.951864 [info ] [MainThread]:   warehouse: compute_wh
[0m20:33:46.952923 [info ] [MainThread]:   role: accountadmin
[0m20:33:46.955027 [info ] [MainThread]:   schema: dbt_demo_schema
[0m20:33:46.957645 [info ] [MainThread]:   authenticator: None
[0m20:33:46.959452 [info ] [MainThread]:   oauth_client_id: None
[0m20:33:46.960980 [info ] [MainThread]:   query_tag: None
[0m20:33:46.963645 [info ] [MainThread]:   client_session_keep_alive: False
[0m20:33:46.965255 [info ] [MainThread]:   host: None
[0m20:33:46.966808 [info ] [MainThread]:   port: None
[0m20:33:46.968676 [info ] [MainThread]:   proxy_host: None
[0m20:33:46.972765 [info ] [MainThread]:   proxy_port: None
[0m20:33:46.975124 [info ] [MainThread]:   protocol: None
[0m20:33:46.977008 [info ] [MainThread]:   connect_retries: 1
[0m20:33:46.980877 [info ] [MainThread]:   connect_timeout: None
[0m20:33:46.983664 [info ] [MainThread]:   retry_on_database_errors: False
[0m20:33:46.989200 [info ] [MainThread]:   retry_all: False
[0m20:33:46.993483 [info ] [MainThread]:   insecure_mode: False
[0m20:33:46.995463 [info ] [MainThread]:   reuse_connections: True
[0m20:33:46.998652 [info ] [MainThread]:   s3_stage_vpce_dns_name: None
[0m20:33:47.000993 [info ] [MainThread]:   workload_identity_provider: None
[0m20:33:47.003662 [info ] [MainThread]:   workload_identity_entra_resource: None
[0m20:33:47.010257 [info ] [MainThread]:   platform_detection_timeout_seconds: 0.0
[0m20:33:47.018847 [info ] [MainThread]: Registered adapter: snowflake=1.12.0
[0m20:33:49.254242 [debug] [MainThread]: Acquiring new snowflake connection 'debug'
[0m20:33:49.261668 [debug] [MainThread]: Using snowflake connection "debug"
[0m20:33:49.262599 [debug] [MainThread]: On debug: select 1 as id
[0m20:33:49.263315 [debug] [MainThread]: Opening a new connection, currently in state init
[0m20:33:49.632958 [debug] [MainThread]: Snowflake adapter: Error running SQL: select 1 as id
[0m20:33:49.633916 [debug] [MainThread]: Snowflake adapter: Rolling back transaction.
[0m20:33:49.634937 [info ] [MainThread]:   Connection test: [[31mERROR[0m]

[0m20:33:49.636058 [info ] [MainThread]: [31m1 check failed:[0m
[0m20:33:49.637228 [info ] [MainThread]: dbt was unable to connect to the specified database.
The database returned the following error:

  >Database Error
  251001: Invalid account identifier: only letters, digits, '_' and '-' allowed; no dots or slashes

Check your database credentials and try again. For more information, visit:
https://docs.getdbt.com/docs/configure-your-profile


[0m20:33:49.638419 [info ] [MainThread]: Your new dbt project "practice_dbt_2" was created!
Initialized new project in D:\practice-dbt-2\practice_dbt_2\practice_dbt_2

For more information on how to configure the profiles.yml file,
please consult the dbt documentation here:

  https://docs.getdbt.com/docs/configure-your-profile

One more thing:

Need help? Don't hesitate to reach out to us via GitHub issues or on Slack:

  https://community.getdbt.com/

Happy modeling!

[0m20:33:49.639616 [info ] [MainThread]: [31mYour profile may need adjustments. You can find the logs of `dbt debug` above[0m
[0m20:33:49.642931 [debug] [MainThread]: Command `dbt init` succeeded at 20:33:49.642523 after 312.99 seconds
[0m20:33:49.643974 [debug] [MainThread]: Connection 'debug' was left open.
[0m20:33:49.644981 [debug] [MainThread]: On debug: No close available on handle
[0m20:33:49.645988 [debug] [MainThread]: Sending event: {'category': 'dbt', 'action': 'invocation', 'label': 'end', 'context': [<snowplow_tracker.self_describing_json.SelfDescribingJson object at 0x0000027A6B9BE2C0>, <snowplow_tracker.self_describing_json.SelfDescribingJson object at 0x0000027A69F85A30>, <snowplow_tracker.self_describing_json.SelfDescribingJson object at 0x0000027A6B972250>]}
[0m20:33:49.647111 [debug] [MainThread]: Flushing usage events
[0m20:33:53.010966 [debug] [MainThread]: An error was encountered while trying to flush usage events
[0m20:36:19.896687 [debug] [MainThread]: Sending event: {'category': 'dbt', 'action': 'invocation', 'label': 'start', 'context': [<snowplow_tracker.self_describing_json.SelfDescribingJson object at 0x000001ACC5D81160>, <snowplow_tracker.self_describing_json.SelfDescribingJson object at 0x000001ACC8493ED0>, <snowplow_tracker.self_describing_json.SelfDescribingJson object at 0x000001ACC8493750>]}


============================== 20:36:19.911188 | 93fd2815-c1c3-4768-bac6-7d97a53f7e14 ==============================
[0m20:36:19.911188 [info ] [MainThread]: Running with dbt=1.12.0
[0m20:36:19.912944 [debug] [MainThread]: running dbt with arguments {'version_check': 'True', 'no_print': 'None', 'static_parser': 'True', 'target_path': 'None', 'maximum_seed_size_mib': '1', 'warn_error_options': 'WarnErrorOptionsV2(error=[], warn=[], silence=[])', 'printer_width': '80', 'write_json': 'True', 'empty': 'None', 'log_cache_events': 'False', 'introspect': 'True', 'cache_selected_only': 'False', 'log_format': 'default', 'debug': 'False', 'fail_fast': 'False', 'profiles_dir': 'C:\\Users\\USER\\.dbt', 'send_anonymous_usage_stats': 'True', 'quiet': 'False', 'warn_error': 'None', 'partial_parse': 'True', 'invocation_command': 'dbt init', 'hints_enabled': 'True', 'indirect_selection': 'eager', 'use_experimental_parser': 'False', 'use_colors': 'True', 'log_path': 'logs'}
[0m20:36:30.079825 [info ] [MainThread]: A project called practice_dbt_2 already exists here.
[0m20:36:30.082734 [debug] [MainThread]: Command `dbt init` succeeded at 20:36:30.082391 after 10.64 seconds
[0m20:36:30.083621 [debug] [MainThread]: Sending event: {'category': 'dbt', 'action': 'invocation', 'label': 'end', 'context': [<snowplow_tracker.self_describing_json.SelfDescribingJson object at 0x000001ACC86E8050>, <snowplow_tracker.self_describing_json.SelfDescribingJson object at 0x000001ACC84D5A30>, <snowplow_tracker.self_describing_json.SelfDescribingJson object at 0x000001ACC84D28B0>]}
[0m20:36:30.084528 [debug] [MainThread]: Flushing usage events
[0m20:36:32.847869 [debug] [MainThread]: An error was encountered while trying to flush usage events
[0m20:40:50.526321 [debug] [MainThread]: Sending event: {'category': 'dbt', 'action': 'invocation', 'label': 'start', 'context': [<snowplow_tracker.self_describing_json.SelfDescribingJson object at 0x0000016DD22E1160>, <snowplow_tracker.self_describing_json.SelfDescribingJson object at 0x0000016DD49F3ED0>, <snowplow_tracker.self_describing_json.SelfDescribingJson object at 0x0000016DD49F3750>]}


============================== 20:40:50.538351 | a7f5c38d-ee44-4219-9e05-65cb11a2a776 ==============================
[0m20:40:50.538351 [info ] [MainThread]: Running with dbt=1.12.0
[0m20:40:50.540015 [debug] [MainThread]: running dbt with arguments {'version_check': 'True', 'no_print': 'None', 'maximum_seed_size_mib': '1', 'warn_error_options': 'WarnErrorOptionsV2(error=[], warn=[], silence=[])', 'target_path': 'None', 'static_parser': 'True', 'printer_width': '80', 'write_json': 'True', 'introspect': 'True', 'log_cache_events': 'False', 'empty': 'None', 'cache_selected_only': 'False', 'log_format': 'default', 'debug': 'False', 'fail_fast': 'False', 'profiles_dir': 'C:\\Users\\USER\\.dbt', 'send_anonymous_usage_stats': 'True', 'quiet': 'False', 'warn_error': 'None', 'partial_parse': 'True', 'invocation_command': 'dbt debug', 'hints_enabled': 'True', 'indirect_selection': 'eager', 'use_experimental_parser': 'False', 'use_colors': 'True', 'log_path': 'logs'}
[0m20:40:50.610350 [info ] [MainThread]: dbt version: 1.12.0
[0m20:40:50.612076 [info ] [MainThread]: python version: 3.13.5
[0m20:40:50.613774 [info ] [MainThread]: python path: D:\practice-dbt-2\practice_dbt_2_venv\Scripts\python.exe
[0m20:40:50.616470 [info ] [MainThread]: os info: Windows-10-10.0.19045-SP0
[0m20:40:52.213164 [debug] [MainThread]: Snowflake adapter: Setting snowflake.connector to ERROR (file logging only)
[0m20:40:52.214306 [debug] [MainThread]: Snowflake adapter: Setting botocore to ERROR (file logging only)
[0m20:40:52.215106 [debug] [MainThread]: Snowflake adapter: Setting boto3 to ERROR (file logging only)
[0m20:40:52.590148 [info ] [MainThread]: Error importing adapter: No module named 'dbt.adapters.databricks'
[0m20:40:52.591845 [info ] [MainThread]: Using profiles dir at C:\Users\USER\.dbt
[0m20:40:52.592985 [info ] [MainThread]: Using profiles.yml file at C:\Users\USER\.dbt\profiles.yml
[0m20:40:52.594052 [info ] [MainThread]: Using dbt_project.yml file at D:\practice-dbt-2\dbt_project.yml
[0m20:40:52.595207 [info ] [MainThread]: Configuration:
[0m20:40:52.596233 [info ] [MainThread]:   profiles.yml file [[31mERROR invalid[0m]
[0m20:40:52.598588 [info ] [MainThread]:   dbt_project.yml file [[31mERROR not found[0m]
[0m20:40:52.600200 [info ] [MainThread]: Required dependencies:
[0m20:40:52.601816 [debug] [MainThread]: Executing "git --help"
[0m20:40:52.725639 [debug] [MainThread]: STDOUT: "b"usage: git [-v | --version] [-h | --help] [-C <path>] [-c <name>=<value>]\n           [--exec-path[=<path>]] [--html-path] [--man-path] [--info-path]\n           [-p | --paginate | -P | --no-pager] [--no-replace-objects] [--no-lazy-fetch]\n           [--no-optional-locks] [--no-advice] [--bare] [--git-dir=<path>]\n           [--work-tree=<path>] [--namespace=<name>] [--config-env=<name>=<envvar>]\n           <command> [<args>]\n\nThese are common Git commands used in various situations:\n\nstart a working area (see also: git help tutorial)\n   clone      Clone a repository into a new directory\n   init       Create an empty Git repository or reinitialize an existing one\n\nwork on the current change (see also: git help everyday)\n   add        Add file contents to the index\n   mv         Move or rename a file, a directory, or a symlink\n   restore    Restore working tree files\n   rm         Remove files from the working tree and from the index\n\nexamine the history and state (see also: git help revisions)\n   bisect     Use binary search to find the commit that introduced a bug\n   diff       Show changes between commits, commit and working tree, etc\n   grep       Print lines matching a pattern\n   log        Show commit logs\n   show       Show various types of objects\n   status     Show the working tree status\n\ngrow, mark and tweak your common history\n   backfill   Download missing objects in a partial clone\n   branch     List, create, or delete branches\n   commit     Record changes to the repository\n   merge      Join two or more development histories together\n   rebase     Reapply commits on top of another base tip\n   reset      Reset current HEAD to the specified state\n   switch     Switch branches\n   tag        Create, list, delete or verify a tag object signed with GPG\n\ncollaborate (see also: git help workflows)\n   fetch      Download objects and refs from another repository\n   pull       Fetch from and integrate with another repository or a local branch\n   push       Update remote refs along with associated objects\n\n'git help -a' and 'git help -g' list available subcommands and some\nconcept guides. See 'git help <command>' or 'git help <concept>'\nto read about a specific subcommand or concept.\nSee 'git help git' for an overview of the system.\n""
[0m20:40:52.727150 [debug] [MainThread]: STDERR: "b''"
[0m20:40:52.728056 [info ] [MainThread]:  - git [[32mOK found[0m]

[0m20:40:52.729225 [info ] [MainThread]: Connection test skipped since no profile was found
[0m20:40:52.730500 [info ] [MainThread]: [31m2 checks failed:[0m
[0m20:40:52.731533 [info ] [MainThread]: Could not load dbt_project.yml
Profile loading failed for the following reason:
Runtime Error
  Credentials in profile "practice_dbt_project", target "dev" invalid: Runtime Error
    Could not find adapter type databricks!


[0m20:40:52.732551 [info ] [MainThread]: Project loading failed for the following reason:
 project path <D:\practice-dbt-2\dbt_project.yml> not found

[0m20:40:52.735297 [debug] [MainThread]: Command `dbt debug` failed at 20:40:52.734977 after 2.66 seconds
[0m20:40:52.736237 [debug] [MainThread]: Sending event: {'category': 'dbt', 'action': 'invocation', 'label': 'end', 'context': [<snowplow_tracker.self_describing_json.SelfDescribingJson object at 0x0000016DD6441220>, <snowplow_tracker.self_describing_json.SelfDescribingJson object at 0x0000016DD63FE210>, <snowplow_tracker.self_describing_json.SelfDescribingJson object at 0x0000016DD630E140>]}
[0m20:40:52.737187 [debug] [MainThread]: Flushing usage events
[0m20:40:54.590128 [debug] [MainThread]: An error was encountered while trying to flush usage events
[0m20:42:04.677852 [debug] [MainThread]: Sending event: {'category': 'dbt', 'action': 'invocation', 'label': 'start', 'context': [<snowplow_tracker.self_describing_json.SelfDescribingJson object at 0x0000023A9A431160>, <snowplow_tracker.self_describing_json.SelfDescribingJson object at 0x0000023A9CB53ED0>, <snowplow_tracker.self_describing_json.SelfDescribingJson object at 0x0000023A9CB53750>]}


============================== 20:42:04.689331 | 02b6947f-f742-4dde-ab27-6145cb9527e3 ==============================
[0m20:42:04.689331 [info ] [MainThread]: Running with dbt=1.12.0
[0m20:42:04.690964 [debug] [MainThread]: running dbt with arguments {'maximum_seed_size_mib': '1', 'no_print': 'None', 'version_check': 'True', 'warn_error_options': 'WarnErrorOptionsV2(error=[], warn=[], silence=[])', 'target_path': 'None', 'static_parser': 'True', 'printer_width': '80', 'write_json': 'True', 'empty': 'None', 'log_cache_events': 'False', 'introspect': 'True', 'cache_selected_only': 'False', 'fail_fast': 'False', 'debug': 'False', 'log_format': 'default', 'partial_parse': 'True', 'send_anonymous_usage_stats': 'True', 'quiet': 'False', 'warn_error': 'None', 'profiles_dir': 'C:\\Users\\USER\\.dbt', 'invocation_command': 'dbt debug', 'hints_enabled': 'True', 'indirect_selection': 'eager', 'use_experimental_parser': 'False', 'use_colors': 'True', 'log_path': 'logs'}
[0m20:42:04.756063 [info ] [MainThread]: dbt version: 1.12.0
[0m20:42:04.757350 [info ] [MainThread]: python version: 3.13.5
[0m20:42:04.758436 [info ] [MainThread]: python path: D:\practice-dbt-2\practice_dbt_2_venv\Scripts\python.exe
[0m20:42:04.759571 [info ] [MainThread]: os info: Windows-10-10.0.19045-SP0
[0m20:42:06.019124 [debug] [MainThread]: Snowflake adapter: Setting snowflake.connector to ERROR (file logging only)
[0m20:42:06.020302 [debug] [MainThread]: Snowflake adapter: Setting botocore to ERROR (file logging only)
[0m20:42:06.021105 [debug] [MainThread]: Snowflake adapter: Setting boto3 to ERROR (file logging only)
[0m20:42:06.361019 [info ] [MainThread]: Using profiles dir at C:\Users\USER\.dbt
[0m20:42:06.362405 [info ] [MainThread]: Using profiles.yml file at C:\Users\USER\.dbt\profiles.yml
[0m20:42:06.363501 [info ] [MainThread]: Using dbt_project.yml file at D:\practice-dbt-2\dbt_project.yml
[0m20:42:06.366268 [info ] [MainThread]: adapter type: snowflake
[0m20:42:06.367518 [info ] [MainThread]: adapter version: 1.12.0
[0m20:42:06.371335 [info ] [MainThread]: Configuration:
[0m20:42:06.373423 [info ] [MainThread]:   profiles.yml file [[32mOK found and valid[0m]
[0m20:42:06.375056 [info ] [MainThread]:   dbt_project.yml file [[31mERROR not found[0m]
[0m20:42:06.376387 [info ] [MainThread]: Required dependencies:
[0m20:42:06.378745 [debug] [MainThread]: Executing "git --help"
[0m20:42:06.495135 [debug] [MainThread]: STDOUT: "b"usage: git [-v | --version] [-h | --help] [-C <path>] [-c <name>=<value>]\n           [--exec-path[=<path>]] [--html-path] [--man-path] [--info-path]\n           [-p | --paginate | -P | --no-pager] [--no-replace-objects] [--no-lazy-fetch]\n           [--no-optional-locks] [--no-advice] [--bare] [--git-dir=<path>]\n           [--work-tree=<path>] [--namespace=<name>] [--config-env=<name>=<envvar>]\n           <command> [<args>]\n\nThese are common Git commands used in various situations:\n\nstart a working area (see also: git help tutorial)\n   clone      Clone a repository into a new directory\n   init       Create an empty Git repository or reinitialize an existing one\n\nwork on the current change (see also: git help everyday)\n   add        Add file contents to the index\n   mv         Move or rename a file, a directory, or a symlink\n   restore    Restore working tree files\n   rm         Remove files from the working tree and from the index\n\nexamine the history and state (see also: git help revisions)\n   bisect     Use binary search to find the commit that introduced a bug\n   diff       Show changes between commits, commit and working tree, etc\n   grep       Print lines matching a pattern\n   log        Show commit logs\n   show       Show various types of objects\n   status     Show the working tree status\n\ngrow, mark and tweak your common history\n   backfill   Download missing objects in a partial clone\n   branch     List, create, or delete branches\n   commit     Record changes to the repository\n   merge      Join two or more development histories together\n   rebase     Reapply commits on top of another base tip\n   reset      Reset current HEAD to the specified state\n   switch     Switch branches\n   tag        Create, list, delete or verify a tag object signed with GPG\n\ncollaborate (see also: git help workflows)\n   fetch      Download objects and refs from another repository\n   pull       Fetch from and integrate with another repository or a local branch\n   push       Update remote refs along with associated objects\n\n'git help -a' and 'git help -g' list available subcommands and some\nconcept guides. See 'git help <command>' or 'git help <concept>'\nto read about a specific subcommand or concept.\nSee 'git help git' for an overview of the system.\n""
[0m20:42:06.496595 [debug] [MainThread]: STDERR: "b''"
[0m20:42:06.497484 [info ] [MainThread]:  - git [[32mOK found[0m]

[0m20:42:06.498480 [info ] [MainThread]: Connection:
[0m20:42:06.499501 [info ] [MainThread]:   account: ZJDZYPT-YYC23807
[0m20:42:06.500445 [info ] [MainThread]:   user: NSKIRAN
[0m20:42:06.501355 [info ] [MainThread]:   database: dbt_demo
[0m20:42:06.502289 [info ] [MainThread]:   warehouse: compute_wh
[0m20:42:06.503304 [info ] [MainThread]:   role: accountadmin
[0m20:42:06.504785 [info ] [MainThread]:   schema: dbt_demo_schema
[0m20:42:06.506469 [info ] [MainThread]:   authenticator: None
[0m20:42:06.508015 [info ] [MainThread]:   oauth_client_id: None
[0m20:42:06.509703 [info ] [MainThread]:   query_tag: None
[0m20:42:06.511754 [info ] [MainThread]:   client_session_keep_alive: False
[0m20:42:06.513101 [info ] [MainThread]:   host: None
[0m20:42:06.514583 [info ] [MainThread]:   port: None
[0m20:42:06.515669 [info ] [MainThread]:   proxy_host: None
[0m20:42:06.516642 [info ] [MainThread]:   proxy_port: None
[0m20:42:06.518569 [info ] [MainThread]:   protocol: None
[0m20:42:06.520074 [info ] [MainThread]:   connect_retries: 1
[0m20:42:06.521523 [info ] [MainThread]:   connect_timeout: None
[0m20:42:06.525523 [info ] [MainThread]:   retry_on_database_errors: False
[0m20:42:06.527925 [info ] [MainThread]:   retry_all: False
[0m20:42:06.530012 [info ] [MainThread]:   insecure_mode: False
[0m20:42:06.531958 [info ] [MainThread]:   reuse_connections: True
[0m20:42:06.536590 [info ] [MainThread]:   s3_stage_vpce_dns_name: None
[0m20:42:06.538761 [info ] [MainThread]:   workload_identity_provider: None
[0m20:42:06.540689 [info ] [MainThread]:   workload_identity_entra_resource: None
[0m20:42:06.543071 [info ] [MainThread]:   platform_detection_timeout_seconds: 0.0
[0m20:42:06.547777 [info ] [MainThread]: Registered adapter: snowflake=1.12.0
[0m20:42:07.578931 [debug] [MainThread]: Acquiring new snowflake connection 'debug'
[0m20:42:07.586263 [debug] [MainThread]: Using snowflake connection "debug"
[0m20:42:07.587439 [debug] [MainThread]: On debug: select 1 as id
[0m20:42:07.588750 [debug] [MainThread]: Opening a new connection, currently in state init
[0m20:42:52.933925 [debug] [MainThread]: SQL status: SUCCESS 1 in 46.874 seconds
[0m20:42:52.936637 [info ] [MainThread]:   Connection test: [[32mOK connection ok[0m]

[0m20:42:52.938205 [info ] [MainThread]: [31m1 check failed:[0m
[0m20:42:52.939491 [info ] [MainThread]: Project loading failed for the following reason:
 project path <D:\practice-dbt-2\dbt_project.yml> not found

[0m20:42:52.942068 [debug] [MainThread]: Command `dbt debug` failed at 20:42:52.941707 after 50.13 seconds
[0m20:42:52.943032 [debug] [MainThread]: Connection 'debug' was left open.
[0m20:42:52.943833 [debug] [MainThread]: On debug: Close
[0m20:42:53.610465 [debug] [MainThread]: Sending event: {'category': 'dbt', 'action': 'invocation', 'label': 'end', 'context': [<snowplow_tracker.self_describing_json.SelfDescribingJson object at 0x0000023A9E4C1CD0>, <snowplow_tracker.self_describing_json.SelfDescribingJson object at 0x0000023A9E47F770>, <snowplow_tracker.self_describing_json.SelfDescribingJson object at 0x0000023A9E38E9C0>]}
[0m20:42:53.612811 [debug] [MainThread]: Flushing usage events
[0m20:42:55.421612 [debug] [MainThread]: An error was encountered while trying to flush usage events
